0 verbose cli C:\Program Files\nodejs\node.exe C:\Program Files\nodejs\node_modules\npm\bin\npm-cli.js
1 info using npm@11.6.1
2 info using node@v24.11.0
3 silly config load:file:C:\Program Files\nodejs\node_modules\npm\npmrc
4 silly config load:file:C:\Users\Invitado\Desktop\Archivos windows\Desarrollo de aplicaciones\WebPortfolio3D\WebPortfolio3Dtry\3d\.npmrc
5 silly config load:file:C:\Users\Invitado\.npmrc
6 silly config load:file:C:\Users\Invitado\Desktop\Archivos windows\Desarrollo de aplicaciones\WebPortfolio3D\WebPortfolio3Dtry\3d\etc\npmrc
7 verbose title npm install three@0.180.0
8 verbose argv "install" "--prefix" ".\\3d" "three@0.180.0" "--ignore-scripts" "--no-audit" "--no-fund" "--cache" ".\\3d\\.npm-cache"
9 verbose logfile logs-max:10 dir:C:\Users\Invitado\Desktop\Archivos windows\Desarrollo de aplicaciones\WebPortfolio3D\WebPortfolio3Dtry\3d\.npm-cache\_logs\2026-09-08T22_43_59_852Z-
10 verbose logfile C:\Users\Invitado\Desktop\Archivos windows\Desarrollo de aplicaciones\WebPortfolio3D\WebPortfolio3Dtry\3d\.npm-cache\_logs\2026-09-08T22_43_59_852Z-debug-0.log
11 silly logfile done cleaning log files
12 silly packumentCache heap:4496293888 maxSize:1124073472 maxEntrySize:562036736
13 silly idealTree buildDeps
14 silly fetch manifest three@0.180.0
15 silly packumentCache full:https://registry.npmjs.org/three cache-miss
16 http fetch GET 200 https://registry.npmjs.org/three 108ms (cache miss)
17 silly packumentCache full:https://registry.npmjs.org/three set size:undefined disposed:false
18 silly placeDep ROOT three@0.180.0 OK for:  want: 0.180.0
19 silly reify moves {}
20 http cache three@https://registry.npmjs.org/three/-/three-0.180.0.tgz 0ms (cache hit)
21 silly tarball no local data for three@https://registry.npmjs.org/three/-/three-0.180.0.tgz. Extracting by manifest.
22 http fetch GET 200 https://registry.npmjs.org/npm 169ms
23 http fetch GET 200 https://registry.npmjs.org/three/-/three-0.180.0.tgz 10311ms (cache miss)
24 silly ADD node_modules/three
25 verbose cwd C:\Users\Invitado\Desktop\Archivos windows\Desarrollo de aplicaciones\WebPortfolio3D\WebPortfolio3Dtry
26 verbose os Windows_NT 10.0.26200
27 verbose node v24.11.0
28 verbose npm  v11.6.1
29 notice
29 notice New minor version of npm available! 11.6.1 -> 11.19.1
29 notice Changelog: https://github.com/npm/cli/releases/tag/v11.19.1
29 notice To update run: npm install -g npm@11.19.1
29 notice  { force: true, Symbol(proc-log.meta): true }
30 verbose exit 0
31 info ok
